// Jest Snapshot v1, https://goo.gl/fbAQLP

exports[`<ProductDetail /> Renderiza el componente correctamente 1`] = `<ProductDetail />`;
