// Jest Snapshot v1, https://goo.gl/fbAQLP

exports[`<SearchBar /> render() Renderiza el componente correctamente 1`] = `<SearchBar />`;
